C:\Users\fabio\IdeaProjects\zombie_survival\src\main\java\it\outbreak\server\ServerMain.java
C:\Users\fabio\IdeaProjects\zombie_survival\src\main\java\org\client\ClientMain.java
C:\Users\fabio\IdeaProjects\zombie_survival\src\main\java\org\client\Launcher.java
C:\Users\fabio\IdeaProjects\zombie_survival\src\main\java\org\client\NetworkClient.java
C:\Users\fabio\IdeaProjects\zombie_survival\src\main\java\org\server\ClientHandler.java
C:\Users\fabio\IdeaProjects\zombie_survival\src\main\java\org\server\GameLoop.java
C:\Users\fabio\IdeaProjects\zombie_survival\src\main\java\org\server\GameServer.java
C:\Users\fabio\IdeaProjects\zombie_survival\src\main\java\org\server\GameWorld.java
C:\Users\fabio\IdeaProjects\zombie_survival\src\main\java\org\server\Medkit.java
C:\Users\fabio\IdeaProjects\zombie_survival\src\main\java\org\server\Objective.java
C:\Users\fabio\IdeaProjects\zombie_survival\src\main\java\org\server\Player.java
C:\Users\fabio\IdeaProjects\zombie_survival\src\main\java\org\server\ServerMain.java
C:\Users\fabio\IdeaProjects\zombie_survival\src\main\java\org\server\Shot.java
C:\Users\fabio\IdeaProjects\zombie_survival\src\main\java\org\server\Tree.java
C:\Users\fabio\IdeaProjects\zombie_survival\src\main\java\org\server\Wall.java
C:\Users\fabio\IdeaProjects\zombie_survival\src\main\java\org\server\Zombie.java
